[rasowaterproofing.in/index.html]
[backblue.gif]
[fade.gif]
[index.html]
[rasowaterproofing.in/assets/images/raaso-logo.jpg]
[rasowaterproofing.in/assets/vendors/animate/animate.min.css]
[rasowaterproofing.in/assets/vendors/animate/custom-animate.css]
[rasowaterproofing.in/assets/vendors/bootstrap/css/bootstrap.min.css]
[rasowaterproofing.in/assets/vendors/bxslider/jquery.bxslider.css]
[rasowaterproofing.in/assets/vendors/fontawesome/css/all.min.css]
[rasowaterproofing.in/assets/vendors/jquery-magnific-popup/jquery.magnific-popup.css]
[rasowaterproofing.in/assets/vendors/jquery-ui/jquery-ui.css]
[rasowaterproofing.in/assets/vendors/nice-select/nice-select.css]
[rasowaterproofing.in/assets/vendors/odometer/odometer.min.css]
[rasowaterproofing.in/assets/vendors/owl-carousel/owl.carousel.min.css]
[rasowaterproofing.in/assets/vendors/owl-carousel/owl.theme.default.min.css]
[rasowaterproofing.in/assets/vendors/swiper/swiper.min.css]
[rasowaterproofing.in/assets/vendors/vegas/vegas.min.css]
[rasowaterproofing.in/assets/vendors/thm-icons/style.css]
[rasowaterproofing.in/assets/vendors/language-switcher/polyglot-language-switcher.css]
[rasowaterproofing.in/assets/vendors/fancybox/fancybox.min.css]
[rasowaterproofing.in/assets/vendors/aos/aos.css]
[rasowaterproofing.in/assets/css/module-css/01-header-section.css]
[rasowaterproofing.in/assets/css/module-css/02-banner-section.css]
[rasowaterproofing.in/assets/css/module-css/03-about-section.css]
[rasowaterproofing.in/assets/css/module-css/04-fact-counter-section.css]
[rasowaterproofing.in/assets/css/module-css/05-testimonial-section.css]
[rasowaterproofing.in/assets/css/module-css/06-partner-section.css]
[rasowaterproofing.in/assets/css/module-css/07-footer-section.css]
[rasowaterproofing.in/assets/css/module-css/08-blog-section.css]
[rasowaterproofing.in/assets/css/module-css/09-breadcrumb-section.css]
[rasowaterproofing.in/assets/css/module-css/10-contact.css]
[rasowaterproofing.in/assets/css/style.css]
[rasowaterproofing.in/assets/css/responsive.css]
[ajax.googleapis.com/ajax/libs/jquery/3.6.3/jquery.min.js]
[cdnjs.cloudflare.com/ajax/libs/toastr.js/latest/toastr.css]
[cdnjs.cloudflare.com/ajax/libs/toastr.js/latest/toastr.min.js]
[rasowaterproofing.in/index-2.html]
[rasowaterproofing.in/assets/images/icon/icon-7__mapmarker.png]
[rasowaterproofing.in/assets/images/icon/icon-8__envelop.png]
[rasowaterproofing.in/assets/images/icon/icon-9__phone.png]
[rasowaterproofing.in/assets/images/icon/icon-10__clock.png]
[rasowaterproofing.in/contact.html]
[rasowaterproofing.in/assets/images/icon/icon-1__menubar.png]
[rasowaterproofing.in/assets/images/slides/slide-v1-10.jpg]
[rasowaterproofing.in/assets/images/slides/slide-v1-2.jpg]
[rasowaterproofing.in/assets/images/slides/slide-v1-3.jpg]
[rasowaterproofing.in/assets/images/RASO/IMG-13.jpg]
[rasowaterproofing.in/assets/images/RASO/IMG-14.jpg]
[rasowaterproofing.in/assets/images/about/user.jpg]
[rasowaterproofing.in/assets/images/shapes/house-1.jpg]
[rasowaterproofing.in/assets/images/RASO/IMG1.jpg]
[rasowaterproofing.in/assets/images/RASO/IMG-15.jpg]
[rasowaterproofing.in/assets/images/RASO/IMG-16.webp]
[rasowaterproofing.in/assets/images/services/service-v1-4.jpg]
[rasowaterproofing.in/assets/images/services/service-v1-5.jpg]
[rasowaterproofing.in/assets/images/RASO/IMG-8.jpg]
[rasowaterproofing.in/assets/images/RASO/IMG-2.jpg]
[rasowaterproofing.in/assets/images/RASO/IMG-3.jpg]
[rasowaterproofing.in/assets/images/RASO/IMG-4.jpg]
[rasowaterproofing.in/assets/images/RASO/IMG-5.jpg]
[rasowaterproofing.in/assets/images/RASO/IMG-6.jpg]
[rasowaterproofing.in/assets/images/RASO/IMG-7.jpg]
[rasowaterproofing.in/assets/images/RASO/IMG-9.jpg]
[rasowaterproofing.in/assets/images/resources/cta-style1-1.jpg]
[rasowaterproofing.in/assets/images/shapes/map-1.png]
[rasowaterproofing.in/assets/images/testimonial/testimonial-v1-1.jpg]
[rasowaterproofing.in/assets/images/testimonial/testimonial-v1-2.jpg]
[rasowaterproofing.in/assets/images/backgrounds/slogan-area-bg.jpg]
[rasowaterproofing.in/assets/images/footer/footer-area-img-1.png]
[rasowaterproofing.in/assets/images/resources/mobile-nav-logo.png]
[rasowaterproofing.in/assets/vendors/jquery/jquery-3.6.0.min.js]
[rasowaterproofing.in/assets/vendors/bootstrap/js/bootstrap.bundle.min.js]
[rasowaterproofing.in/assets/vendors/bxslider/jquery.bxslider.min.js]
[rasowaterproofing.in/assets/vendors/circleType/jquery.circleType.js]
[rasowaterproofing.in/assets/vendors/circleType/jquery.lettering.min.js]
[rasowaterproofing.in/assets/vendors/isotope/isotope.js]
[rasowaterproofing.in/assets/vendors/jquery-ajaxchimp/jquery.ajaxchimp.min.js]
[rasowaterproofing.in/assets/vendors/jquery-appear/jquery.appear.min.js]
[rasowaterproofing.in/assets/vendors/jquery-magnific-popup/jquery.magnific-popup.min.js]
[rasowaterproofing.in/assets/vendors/jquery-migrate/jquery-migrate.min.js]
[rasowaterproofing.in/assets/vendors/jquery-ui/jquery-ui.js]
[rasowaterproofing.in/assets/vendors/jquery-validate/jquery.validate.min.js]
[rasowaterproofing.in/assets/vendors/nice-select/jquery.nice-select.min.js]
[rasowaterproofing.in/assets/vendors/odometer/odometer.min.js]
[rasowaterproofing.in/assets/vendors/owl-carousel/owl.carousel.min.js]
[rasowaterproofing.in/assets/vendors/swiper/swiper.min.js]
[rasowaterproofing.in/assets/vendors/vegas/vegas.min.js]
[rasowaterproofing.in/assets/vendors/wnumb/wNumb.min.js]
[rasowaterproofing.in/assets/vendors/wow/wow.js]
[rasowaterproofing.in/assets/vendors/extra-scripts/jquery.paroller.min.js]
[rasowaterproofing.in/assets/vendors/language-switcher/jquery.polyglot.language.switcher.js]
[rasowaterproofing.in/assets/vendors/extra-scripts/jquery-sidebar-content.js]
[rasowaterproofing.in/assets/vendors/fancybox/jquery.fancybox.js]
[rasowaterproofing.in/assets/vendors/aos/aos.js]
[rasowaterproofing.in/assets/vendors/extra-scripts/jarallax.min.js]
[rasowaterproofing.in/assets/js/custom.js]
[rasowaterproofing.in/index.html]
[rasowaterproofing.in/assets/vendors/animate/animate.min.css]
[rasowaterproofing.in/assets/vendors/animate/custom-animate.css]
[rasowaterproofing.in/assets/vendors/bootstrap/css/bootstrap.min.css]
[rasowaterproofing.in/assets/vendors/extra-scripts/TweenMax.min.js]
[rasowaterproofing.in/assets/vendors/images/icon/bx_loader.html]
[rasowaterproofing.in/assets/vendors/img/bx-slider/controls.html]
[rasowaterproofing.in/assets/vendors/bxslider/jquery.bxslider.css]
[rasowaterproofing.in/assets/vendors/fontawesome/webfonts/fa-brands-400.eot]
[rasowaterproofing.in/assets/vendors/fontawesome/webfonts/fa-brands-400d41dd41d.eot]
[rasowaterproofing.in/assets/vendors/fontawesome/webfonts/fa-brands-400.woff2]
[rasowaterproofing.in/assets/vendors/fontawesome/webfonts/fa-brands-400.woff]
[rasowaterproofing.in/assets/vendors/fontawesome/webfonts/fa-brands-400.ttf]
[rasowaterproofing.in/assets/vendors/fontawesome/webfonts/fa-regular-400.eot]
[rasowaterproofing.in/assets/vendors/fontawesome/webfonts/fa-regular-400d41dd41d.eot]
[rasowaterproofing.in/assets/vendors/fontawesome/webfonts/fa-regular-400.woff2]
[rasowaterproofing.in/assets/vendors/fontawesome/webfonts/fa-regular-400.woff]
[rasowaterproofing.in/assets/vendors/fontawesome/webfonts/fa-regular-400.ttf]
[rasowaterproofing.in/assets/vendors/fontawesome/webfonts/fa-solid-900.eot]
[rasowaterproofing.in/assets/vendors/fontawesome/webfonts/fa-solid-900d41dd41d.eot]
[rasowaterproofing.in/assets/vendors/fontawesome/webfonts/fa-solid-900.woff2]
[rasowaterproofing.in/assets/vendors/fontawesome/webfonts/fa-solid-900.woff]
[rasowaterproofing.in/assets/vendors/fontawesome/webfonts/fa-solid-900.ttf]
[rasowaterproofing.in/assets/vendors/fontawesome/css/all.min.css]
[rasowaterproofing.in/assets/vendors/jquery-magnific-popup/jquery.magnific-popup.css]
[rasowaterproofing.in/assets/vendors/jquery-ui/images/ui-bg_highlight-soft_75_cccccc_1x100.png]
[rasowaterproofing.in/assets/vendors/jquery-ui/images/ui-bg_glass_75_e6e6e6_1x400.png]
[rasowaterproofing.in/assets/vendors/jquery-ui/images/ui-bg_glass_75_dadada_1x400.png]
[rasowaterproofing.in/assets/vendors/jquery-ui/images/ui-bg_glass_65_ffffff_1x400.png]
[rasowaterproofing.in/assets/vendors/jquery-ui/images/ui-bg_glass_55_fbf9ee_1x400.png]
[rasowaterproofing.in/assets/vendors/jquery-ui/images/ui-bg_glass_95_fef1ec_1x400.png]
[rasowaterproofing.in/assets/vendors/jquery-ui/images/ui-icons_222222_256x240.png]
[rasowaterproofing.in/assets/vendors/jquery-ui/images/ui-icons_888888_256x240.png]
[rasowaterproofing.in/assets/vendors/jquery-ui/images/ui-icons_454545_256x240.png]
[rasowaterproofing.in/assets/vendors/jquery-ui/images/ui-icons_2e83ff_256x240.png]
[rasowaterproofing.in/assets/vendors/jquery-ui/images/ui-icons_cd0a0a_256x240.png]
[rasowaterproofing.in/assets/vendors/jquery-ui/jquery-ui.css]
[rasowaterproofing.in/assets/vendors/nice-select/nice-select.css]
[rasowaterproofing.in/assets/vendors/odometer/odometer.min.css]
[rasowaterproofing.in/assets/vendors/owl-carousel/owl.video.play.html]
[rasowaterproofing.in/assets/vendors/owl-carousel/owl.carousel.min.css]
[rasowaterproofing.in/assets/vendors/owl-carousel/owl.theme.default.min.css]
[rasowaterproofing.in/assets/vendors/swiper/swiper.min.css]
[rasowaterproofing.in/assets/vendors/vegas/overlays/02.html]
[rasowaterproofing.in/assets/vendors/vegas/vegas.min.css]
[rasowaterproofing.in/assets/vendors/thm-icons/fonts/icomoon78ed78ed.eot]
[rasowaterproofing.in/assets/vendors/thm-icons/fonts/icomoon78ed78ed.ttf]
[rasowaterproofing.in/assets/vendors/thm-icons/fonts/icomoon78ed78ed.woff]
[rasowaterproofing.in/assets/vendors/thm-icons/style.css]
[rasowaterproofing.in/assets/vendors/language-switcher/gb.png]
[rasowaterproofing.in/assets/vendors/language-switcher/fr.png]
[rasowaterproofing.in/assets/vendors/language-switcher/de.png]
[rasowaterproofing.in/assets/vendors/language-switcher/it.png]
[rasowaterproofing.in/assets/vendors/language-switcher/es.png]
[rasowaterproofing.in/assets/vendors/language-switcher/polyglot-language-switcher.css]
[rasowaterproofing.in/assets/vendors/fancybox/fancybox.min.css]
[rasowaterproofing.in/assets/vendors/aos/aos.css]
[rasowaterproofing.in/assets/css/module-css/01-header-section.css]
[rasowaterproofing.in/assets/css/module-css/02-banner-section.css]
[rasowaterproofing.in/assets/css/module-css/03-about-section.css]
[rasowaterproofing.in/assets/css/module-css/04-fact-counter-section.css]
[rasowaterproofing.in/assets/css/module-css/05-testimonial-section.css]
[rasowaterproofing.in/assets/css/module-css/06-partner-section.css]
[rasowaterproofing.in/assets/css/module-css/07-footer-section.css]
[rasowaterproofing.in/assets/css/module-css/08-blog-section.css]
[rasowaterproofing.in/assets/css/module-css/09-breadcrumb-section.css]
[rasowaterproofing.in/assets/css/module-css/10-contact.css]
[rasowaterproofing.in/assets/images/icon/cross-out.png]
[rasowaterproofing.in/assets/css/style.css]
[rasowaterproofing.in/assets/css/responsive.css]
[cdnjs.cloudflare.com/ajax/libs/toastr.js/latest/toastr.css]
[rasowaterproofing.in/index-2.html]
[rasowaterproofing.in/assets/images/breadcrumb/breadcrumb-1.jpg]
[rasowaterproofing.in/contact.html]
[rasowaterproofing.in/index-3.html]
[rasowaterproofing.in/assets/vendors/images/icon/bx_loader.html]
[rasowaterproofing.in/assets/vendors/img/bx-slider/controls.html]
[rasowaterproofing.in/assets/vendors/fontawesome/webfonts/fa-brands-400.svg]
[rasowaterproofing.in/assets/vendors/fontawesome/webfonts/fa-regular-400.svg]
[rasowaterproofing.in/assets/vendors/fontawesome/webfonts/fa-solid-900.svg]
[rasowaterproofing.in/assets/vendors/owl-carousel/owl.video.play.html]
[rasowaterproofing.in/assets/vendors/vegas/overlays/02.html]
[rasowaterproofing.in/assets/vendors/thm-icons/fonts/icomoon78ed78ed.svg]
